// Jest Snapshot v1, https://goo.gl/fbAQLP

exports[`Pruebas de AddCategory Debe renderizar correctamente el componente 1`] = `
<form
  onSubmit={[Function]}
>
  <label>
    Buscar categor√≠a
  </label>
  <input
    onChange={[Function]}
    placeholder="Buscar"
    type="text"
    value=""
  />
</form>
`;
