// Jest Snapshot v1, https://goo.gl/fbAQLP

exports[`Pruebas de GifGridItem Debe renderizar el componente correctamente 1`] = `
<div
  className="card animate__animated animate__fadeInUp"
>
  <img
    alt="Title de prueba"
    src="Url de prueba"
  />
  <p>
    Title de prueba
  </p>
</div>
`;
